Archive member included to satisfy reference by file (symbol)

c:/st/stm32cubeide_1.6.1/stm32cubeide/plugins/com.st.stm32cube.ide.mcu.externaltools.gnu-tools-for-stm32.9-2020-q2-update.win32_1.5.0.202011040924/tools/bin/../lib/gcc/arm-none-eabi/9.3.1/../../../../arm-none-eabi/lib/thumb/v7e-m+fp/hard\libc_nano.a(lib_a-errno.o)
                              Src/syscalls.o (__errno)
c:/st/stm32cubeide_1.6.1/stm32cubeide/plugins/com.st.stm32cube.ide.mcu.externaltools.gnu-tools-for-stm32.9-2020-q2-update.win32_1.5.0.202011040924/tools/bin/../lib/gcc/arm-none-eabi/9.3.1/../../../../arm-none-eabi/lib/thumb/v7e-m+fp/hard\libc_nano.a(lib_a-exit.o)
                              c:/st/stm32cubeide_1.6.1/stm32cubeide/plugins/com.st.stm32cube.ide.mcu.externaltools.gnu-tools-for-stm32.9-2020-q2-update.win32_1.5.0.202011040924/tools/bin/../lib/gcc/arm-none-eabi/9.3.1/../../../../arm-none-eabi/lib/thumb/v7e-m+fp/hard/crt0.o (exit)
c:/st/stm32cubeide_1.6.1/stm32cubeide/plugins/com.st.stm32cube.ide.mcu.externaltools.gnu-tools-for-stm32.9-2020-q2-update.win32_1.5.0.202011040924/tools/bin/../lib/gcc/arm-none-eabi/9.3.1/../../../../arm-none-eabi/lib/thumb/v7e-m+fp/hard\libc_nano.a(lib_a-impure.o)
                              c:/st/stm32cubeide_1.6.1/stm32cubeide/plugins/com.st.stm32cube.ide.mcu.externaltools.gnu-tools-for-stm32.9-2020-q2-update.win32_1.5.0.202011040924/tools/bin/../lib/gcc/arm-none-eabi/9.3.1/../../../../arm-none-eabi/lib/thumb/v7e-m+fp/hard\libc_nano.a(lib_a-exit.o) (_global_impure_ptr)
c:/st/stm32cubeide_1.6.1/stm32cubeide/plugins/com.st.stm32cube.ide.mcu.externaltools.gnu-tools-for-stm32.9-2020-q2-update.win32_1.5.0.202011040924/tools/bin/../lib/gcc/arm-none-eabi/9.3.1/../../../../arm-none-eabi/lib/thumb/v7e-m+fp/hard\libc_nano.a(lib_a-init.o)
                              c:/st/stm32cubeide_1.6.1/stm32cubeide/plugins/com.st.stm32cube.ide.mcu.externaltools.gnu-tools-for-stm32.9-2020-q2-update.win32_1.5.0.202011040924/tools/bin/../lib/gcc/arm-none-eabi/9.3.1/../../../../arm-none-eabi/lib/thumb/v7e-m+fp/hard/crt0.o (__libc_init_array)
c:/st/stm32cubeide_1.6.1/stm32cubeide/plugins/com.st.stm32cube.ide.mcu.externaltools.gnu-tools-for-stm32.9-2020-q2-update.win32_1.5.0.202011040924/tools/bin/../lib/gcc/arm-none-eabi/9.3.1/../../../../arm-none-eabi/lib/thumb/v7e-m+fp/hard\libc_nano.a(lib_a-memset.o)
                              c:/st/stm32cubeide_1.6.1/stm32cubeide/plugins/com.st.stm32cube.ide.mcu.externaltools.gnu-tools-for-stm32.9-2020-q2-update.win32_1.5.0.202011040924/tools/bin/../lib/gcc/arm-none-eabi/9.3.1/../../../../arm-none-eabi/lib/thumb/v7e-m+fp/hard/crt0.o (memset)

Discarded input sections

 .text          0x0000000000000000        0x0 c:/st/stm32cubeide_1.6.1/stm32cubeide/plugins/com.st.stm32cube.ide.mcu.externaltools.gnu-tools-for-stm32.9-2020-q2-update.win32_1.5.0.202011040924/tools/bin/../lib/gcc/arm-none-eabi/9.3.1/thumb/v7e-m+fp/hard/crti.o
 .data          0x0000000000000000        0x0 c:/st/stm32cubeide_1.6.1/stm32cubeide/plugins/com.st.stm32cube.ide.mcu.externaltools.gnu-tools-for-stm32.9-2020-q2-update.win32_1.5.0.202011040924/tools/bin/../lib/gcc/arm-none-eabi/9.3.1/thumb/v7e-m+fp/hard/crti.o
 .bss           0x0000000000000000        0x0 c:/st/stm32cubeide_1.6.1/stm32cubeide/plugins/com.st.stm32cube.ide.mcu.externaltools.gnu-tools-for-stm32.9-2020-q2-update.win32_1.5.0.202011040924/tools/bin/../lib/gcc/arm-none-eabi/9.3.1/thumb/v7e-m+fp/hard/crti.o
 .data          0x0000000000000000        0x4 c:/st/stm32cubeide_1.6.1/stm32cubeide/plugins/com.st.stm32cube.ide.mcu.externaltools.gnu-tools-for-stm32.9-2020-q2-update.win32_1.5.0.202011040924/tools/bin/../lib/gcc/arm-none-eabi/9.3.1/thumb/v7e-m+fp/hard/crtbegin.o
 .text          0x0000000000000000       0x7c c:/st/stm32cubeide_1.6.1/stm32cubeide/plugins/com.st.stm32cube.ide.mcu.externaltools.gnu-tools-for-stm32.9-2020-q2-update.win32_1.5.0.202011040924/tools/bin/../lib/gcc/arm-none-eabi/9.3.1/../../../../arm-none-eabi/lib/thumb/v7e-m+fp/hard/crt0.o
 .data          0x0000000000000000        0x0 c:/st/stm32cubeide_1.6.1/stm32cubeide/plugins/com.st.stm32cube.ide.mcu.externaltools.gnu-tools-for-stm32.9-2020-q2-update.win32_1.5.0.202011040924/tools/bin/../lib/gcc/arm-none-eabi/9.3.1/../../../../arm-none-eabi/lib/thumb/v7e-m+fp/hard/crt0.o
 .bss           0x0000000000000000        0x0 c:/st/stm32cubeide_1.6.1/stm32cubeide/plugins/com.st.stm32cube.ide.mcu.externaltools.gnu-tools-for-stm32.9-2020-q2-update.win32_1.5.0.202011040924/tools/bin/../lib/gcc/arm-none-eabi/9.3.1/../../../../arm-none-eabi/lib/thumb/v7e-m+fp/hard/crt0.o
 .ARM.extab     0x0000000000000000        0x0 c:/st/stm32cubeide_1.6.1/stm32cubeide/plugins/com.st.stm32cube.ide.mcu.externaltools.gnu-tools-for-stm32.9-2020-q2-update.win32_1.5.0.202011040924/tools/bin/../lib/gcc/arm-none-eabi/9.3.1/../../../../arm-none-eabi/lib/thumb/v7e-m+fp/hard/crt0.o
[...]
Memory Configuration

Name             Origin             Length             Attributes
RAM              0x0000000020000000 0x0000000000020000 xrw
FLASH            0x0000000008000000 0x0000000000100000 xr
*default*        0x0000000000000000 0xffffffffffffffff

Linker script and memory map

LOAD c:/st/stm32cubeide_1.6.1/stm32cubeide/plugins/com.st.stm32cube.ide.mcu.externaltools.gnu-tools-for-stm32.9-2020-q2-update.win32_1.5.0.202011040924/tools/bin/../lib/gcc/arm-none-eabi/9.3.1/thumb/v7e-m+fp/hard/crti.o
LOAD c:/st/stm32cubeide_1.6.1/stm32cubeide/plugins/com.st.stm32cube.ide.mcu.externaltools.gnu-tools-for-stm32.9-2020-q2-update.win32_1.5.0.202011040924/tools/bin/../lib/gcc/arm-none-eabi/9.3.1/thumb/v7e-m+fp/hard/crtbegin.o
LOAD c:/st/stm32cubeide_1.6.1/stm32cubeide/plugins/com.st.stm32cube.ide.mcu.externaltools.gnu-tools-for-stm32.9-2020-q2-update.win32_1.5.0.202011040924/tools/bin/../lib/gcc/arm-none-eabi/9.3.1/../../../../arm-none-eabi/lib/thumb/v7e-m+fp/hard/crt0.o
LOAD Src/Usart_Tx_test.o
LOAD Src/syscalls.o
LOAD Src/sysmem.o
LOAD Startup/startup_stm32f407vgtx.o
LOAD drivers/Src/stm32f407xx_gpio_driver.o
LOAD drivers/Src/stm32f407xx_i2c_driver.o
LOAD drivers/Src/stm32f407xx_rcc_driver.o
LOAD drivers/Src/stm32f407xx_spi_driver.o
LOAD drivers/Src/stm32f407xx_usart_driver.o
START GROUP
LOAD c:/st/stm32cubeide_1.6.1/stm32cubeide/plugins/com.st.stm32cube.ide.mcu.externaltools.gnu-tools-for-stm32.9-2020-q2-update.win32_1.5.0.202011040924/tools/bin/../lib/gcc/arm-none-eabi/9.3.1/../../../../arm-none-eabi/lib/thumb/v7e-m+fp/hard\libc_nano.a
LOAD c:/st/stm32cubeide_1.6.1/stm32cubeide/plugins/com.st.stm32cube.ide.mcu.externaltools.gnu-tools-for-stm32.9-2020-q2-update.win32_1.5.0.202011040924/tools/bin/../lib/gcc/arm-none-eabi/9.3.1/../../../../arm-none-eabi/lib/thumb/v7e-m+fp/hard\libm.a
END GROUP
START GROUP
LOAD c:/st/stm32cubeide_1.6.1/stm32cubeide/plugins/com.st.stm32cube.ide.mcu.externaltools.gnu-tools-for-stm32.9-2020-q2-update.win32_1.5.0.202011040924/tools/bin/../lib/gcc/arm-none-eabi/9.3.1/thumb/v7e-m+fp/hard\libgcc.a
LOAD c:/st/stm32cubeide_1.6.1/stm32cubeide/plugins/com.st.stm32cube.ide.mcu.externaltools.gnu-tools-for-stm32.9-2020-q2-update.win32_1.5.0.202011040924/tools/bin/../lib/gcc/arm-none-eabi/9.3.1/../../../../arm-none-eabi/lib/thumb/v7e-m+fp/hard\libc_nano.a
END GROUP
START GROUP
LOAD c:/st/stm32cubeide_1.6.1/stm32cubeide/plugins/com.st.stm32cube.ide.mcu.externaltools.gnu-tools-for-stm32.9-2020-q2-update.win32_1.5.0.202011040924/tools/bin/../lib/gcc/arm-none-eabi/9.3.1/thumb/v7e-m+fp/hard\libgcc.a
LOAD c:/st/stm32cubeide_1.6.1/stm32cubeide/plugins/com.st.stm32cube.ide.mcu.externaltools.gnu-tools-for-stm32.9-2020-q2-update.win32_1.5.0.202011040924/tools/bin/../lib/gcc/arm-none-eabi/9.3.1/../../../../arm-none-eabi/lib/thumb/v7e-m+fp/hard\libc_nano.a
LOAD c:/st/stm32cubeide_1.6.1/stm32cubeide/plugins/com.st.stm32cube.ide.mcu.externaltools.gnu-tools-for-stm32.9-2020-q2-update.win32_1.5.0.202011040924/tools/bin/../lib/gcc/arm-none-eabi/9.3.1/../../../../arm-none-eabi/lib/thumb/v7e-m+fp/hard\libnosys.a
END GROUP
START GROUP
LOAD c:/st/stm32cubeide_1.6.1/stm32cubeide/plugins/com.st.stm32cube.ide.mcu.externaltools.gnu-tools-for-stm32.9-2020-q2-update.win32_1.5.0.202011040924/tools/bin/../lib/gcc/arm-none-eabi/9.3.1/thumb/v7e-m+fp/hard\libgcc.a
LOAD c:/st/stm32cubeide_1.6.1/stm32cubeide/plugins/com.st.stm32cube.ide.mcu.externaltools.gnu-tools-for-stm32.9-2020-q2-update.win32_1.5.0.202011040924/tools/bin/../lib/gcc/arm-none-eabi/9.3.1/../../../../arm-none-eabi/lib/thumb/v7e-m+fp/hard\libc_nano.a
LOAD c:/st/stm32cubeide_1.6.1/stm32cubeide/plugins/com.st.stm32cube.ide.mcu.externaltools.gnu-tools-for-stm32.9-2020-q2-update.win32_1.5.0.202011040924/tools/bin/../lib/gcc/arm-none-eabi/9.3.1/../../../../arm-none-eabi/lib/thumb/v7e-m+fp/hard\libnosys.a
END GROUP
LOAD c:/st/stm32cubeide_1.6.1/stm32cubeide/plugins/com.st.stm32cube.ide.mcu.externaltools.gnu-tools-for-stm32.9-2020-q2-update.win32_1.5.0.202011040924/tools/bin/../lib/gcc/arm-none-eabi/9.3.1/thumb/v7e-m+fp/hard/crtend.o
LOAD c:/st/stm32cubeide_1.6.1/stm32cubeide/plugins/com.st.stm32cube.ide.mcu.externaltools.gnu-tools-for-stm32.9-2020-q2-update.win32_1.5.0.202011040924/tools/bin/../lib/gcc/arm-none-eabi/9.3.1/thumb/v7e-m+fp/hard/crtn.o
                0x0000000020020000                _estack = (ORIGIN (RAM) + LENGTH (RAM))
                0x0000000000000200                _Min_Heap_Size = 0x200
                0x0000000000000400                _Min_Stack_Size = 0x400

.isr_vector     0x0000000008000000      0x1a8
                0x0000000008000000                . = ALIGN (0x4)
 *(.isr_vector)
 .isr_vector    0x0000000008000000      0x1a8 Startup/startup_stm32f407vgtx.o
                0x0000000008000000                g_pfnVectors
                0x00000000080001a8                . = ALIGN (0x4)

.text           0x00000000080001a8      0xe04
                0x00000000080001a8                . = ALIGN (0x4)
 *(.text)
 .text          0x00000000080001a8       0x40 c:/st/stm32cubeide_1.6.1/stm32cubeide/plugins/com.st.stm32cube.ide.mcu.externaltools.gnu-tools-for-stm32.9-2020-q2-update.win32_1.5.0.202011040924/tools/bin/../lib/gcc/arm-none-eabi/9.3.1/thumb/v7e-m+fp/hard/crtbegin.o
 *(.text*)
 .text.Button_ControlInit
                0x00000000080001e8       0x3c Src/Usart_Tx_test.o
                0x00000000080001e8                Button_ControlInit
 .text.USART2_Init
                0x0000000008000224       0x4c Src/Usart_Tx_test.o
                0x0000000008000224                USART2_Init
 .text.USART2_Gpio_Init
                0x0000000008000270       0x44 Src/Usart_Tx_test.o
                0x0000000008000270                USART2_Gpio_Init
 .text.Wait     0x00000000080002b4       0x3c Src/Usart_Tx_test.o
                0x00000000080002b4                Wait
 .text.main     0x00000000080002f0       0x44 Src/Usart_Tx_test.o
                0x00000000080002f0                main
 .text.Reset_Handler
                0x0000000008000334       0x50 Startup/startup_stm32f407vgtx.o
                0x0000000008000334                Reset_Handler
 .text.Default_Handler
                0x0000000008000384        0x2 Startup/startup_stm32f407vgtx.o
                0x0000000008000384                RTC_Alarm_IRQHandler
                0x0000000008000384                HASH_RNG_IRQHandler
                0x0000000008000384                EXTI2_IRQHandler
                0x0000000008000384                TIM8_CC_IRQHandler
                0x0000000008000384                DebugMon_Handler
                0x0000000008000384                TIM1_CC_IRQHandler
                0x0000000008000384                DMA2_Stream5_IRQHandler
                0x0000000008000384                HardFault_Handler
                0x0000000008000384                DMA1_Stream5_IRQHandler
                0x0000000008000384                SysTick_Handler
                0x0000000008000384                PVD_IRQHandler
                0x0000000008000384                SDIO_IRQHandler
                0x0000000008000384                TAMP_STAMP_IRQHandler
                0x0000000008000384                PendSV_Handler
                0x0000000008000384                NMI_Handler
                0x0000000008000384                CAN2_RX1_IRQHandler
                0x0000000008000384                EXTI3_IRQHandler
                0x0000000008000384                TIM8_TRG_COM_TIM14_IRQHandler
                0x0000000008000384                TIM1_UP_TIM10_IRQHandler
                0x0000000008000384                TIM8_UP_TIM13_IRQHandler
                0x0000000008000384                I2C3_ER_IRQHandler
                0x0000000008000384                LCD_TFT_IRQHandler
                0x0000000008000384                EXTI0_IRQHandler
                0x0000000008000384                I2C2_EV_IRQHandler
                0x0000000008000384                DMA1_Stream2_IRQHandler
                0x0000000008000384                CAN1_RX0_IRQHandler
                0x0000000008000384                FPU_IRQHandler
                0x0000000008000384                OTG_HS_WKUP_IRQHandler
                0x0000000008000384                UsageFault_Handler
                0x0000000008000384                CAN2_SCE_IRQHandler
                0x0000000008000384                DMA2_Stream2_IRQHandler
                0x0000000008000384                SPI1_IRQHandler
                0x0000000008000384                TIM6_DAC_IRQHandler
                0x0000000008000384                TIM1_BRK_TIM9_IRQHandler
                0x0000000008000384                DCMI_IRQHandler
                0x0000000008000384                CAN2_RX0_IRQHandler
                0x0000000008000384                DMA2_Stream3_IRQHandler
                0x0000000008000384                USART6_IRQHandler
                0x0000000008000384                USART3_IRQHandler
                0x0000000008000384                CRYP_IRQHandler
                0x0000000008000384                CAN1_RX1_IRQHandler
                0x0000000008000384                UART5_IRQHandler
                0x0000000008000384                DMA2_Stream0_IRQHandler
                0x0000000008000384                TIM4_IRQHandler
                0x0000000008000384                I2C1_EV_IRQHandler
                0x0000000008000384                DMA1_Stream6_IRQHandler
                0x0000000008000384                DMA1_Stream1_IRQHandler
                0x0000000008000384                UART4_IRQHandler
                0x0000000008000384                LCD_TFT_1_IRQHandler
                0x0000000008000384                TIM3_IRQHandler
                0x0000000008000384                RCC_IRQHandler
                0x0000000008000384                TIM8_BRK_TIM12_IRQHandler
                0x0000000008000384                Default_Handler
                0x0000000008000384                EXTI15_10_IRQHandler
                0x0000000008000384                ADC_IRQHandler
                0x0000000008000384                DMA1_Stream7_IRQHandler
                0x0000000008000384                TIM7_IRQHandler
                0x0000000008000384                CAN2_TX_IRQHandler
                0x0000000008000384                TIM5_IRQHandler
                0x0000000008000384                DMA2_Stream7_IRQHandler
                0x0000000008000384                I2C3_EV_IRQHandler
                0x0000000008000384                EXTI9_5_IRQHandler
                0x0000000008000384                RTC_WKUP_IRQHandler
                0x0000000008000384                ETH_WKUP_IRQHandler
                0x0000000008000384                SPI2_IRQHandler
                0x0000000008000384                OTG_HS_EP1_IN_IRQHandler
                0x0000000008000384                MemManage_Handler
                0x0000000008000384                DMA1_Stream0_IRQHandler
                0x0000000008000384                CAN1_TX_IRQHandler
                0x0000000008000384                SVC_Handler
                0x0000000008000384                EXTI4_IRQHandler
                0x0000000008000384                FSMC_IRQHandler
                0x0000000008000384                ETH_IRQHandler
                0x0000000008000384                OTG_HS_EP1_OUT_IRQHandler
                0x0000000008000384                WWDG_IRQHandler
                0x0000000008000384                TIM2_IRQHandler
                0x0000000008000384                OTG_FS_WKUP_IRQHandler
                0x0000000008000384                TIM1_TRG_COM_TIM11_IRQHandler
                0x0000000008000384                OTG_HS_IRQHandler
                0x0000000008000384                EXTI1_IRQHandler
                0x0000000008000384                USART2_IRQHandler
                0x0000000008000384                I2C2_ER_IRQHandler
                0x0000000008000384                DMA2_Stream1_IRQHandler
                0x0000000008000384                CAN1_SCE_IRQHandler
                0x0000000008000384                DMA2_Stream4_IRQHandler
                0x0000000008000384                BusFault_Handler
                0x0000000008000384                USART1_IRQHandler
                0x0000000008000384                OTG_FS_IRQHandler
                0x0000000008000384                SPI3_IRQHandler
                0x0000000008000384                DMA1_Stream4_IRQHandler
                0x0000000008000384                I2C1_ER_IRQHandler
                0x0000000008000384                DMA2_Stream6_IRQHandler
                0x0000000008000384                DMA1_Stream3_IRQHandler
 *fill*         0x0000000008000386        0x2 
 .text.GPIO_PclkControl
                0x0000000008000388      0x1d0 drivers/Src/stm32f407xx_gpio_driver.o
                0x0000000008000388                GPIO_PclkControl
 .text.GPIO_Init
                0x0000000008000558      0x340 drivers/Src/stm32f407xx_gpio_driver.o
                0x0000000008000558                GPIO_Init
 .text.GPIO_ReadFromInputPin
                0x0000000008000898       0x2c drivers/Src/stm32f407xx_gpio_driver.o
                0x0000000008000898                GPIO_ReadFromInputPin
 .text.get_pll_clk
                0x00000000080008c4       0x8c drivers/Src/stm32f407xx_rcc_driver.o
 .text.Get_APB1_Pclk
                0x0000000008000950       0xb4 drivers/Src/stm32f407xx_rcc_driver.o
                0x0000000008000950                Get_APB1_Pclk
 .text.Get_APB2_Pclk
                0x0000000008000a04       0xb4 drivers/Src/stm32f407xx_rcc_driver.o
                0x0000000008000a04                Get_APB2_Pclk
 .text.set_baud_rate
                0x0000000008000ab8       0xe4 drivers/Src/stm32f407xx_usart_driver.o
 .text.USART_PclkControl
                0x0000000008000b9c      0x148 drivers/Src/stm32f407xx_usart_driver.o
                0x0000000008000b9c                USART_PclkControl
 .text.USART_Init
                0x0000000008000ce4      0x132 drivers/Src/stm32f407xx_usart_driver.o
                0x0000000008000ce4                USART_Init
 .text.USART_PeripheralControl
                0x0000000008000e16       0x3e drivers/Src/stm32f407xx_usart_driver.o
                0x0000000008000e16                USART_PeripheralControl
 .text.USART_GetFlagStatus
                0x0000000008000e54       0x2a drivers/Src/stm32f407xx_usart_driver.o
                0x0000000008000e54                USART_GetFlagStatus
 .text.USART_SendData
                0x0000000008000e7e       0xbe drivers/Src/stm32f407xx_usart_driver.o
                0x0000000008000e7e                USART_SendData
 .text.__libc_init_array
                0x0000000008000f3c       0x48 c:/st/stm32cubeide_1.6.1/stm32cubeide/plugins/com.st.stm32cube.ide.mcu.externaltools.gnu-tools-for-stm32.9-2020-q2-update.win32_1.5.0.202011040924/tools/bin/../lib/gcc/arm-none-eabi/9.3.1/../../../../arm-none-eabi/lib/thumb/v7e-m+fp/hard\libc_nano.a(lib_a-init.o)
                0x0000000008000f3c                __libc_init_array
 .text.memset   0x0000000008000f84       0x10 c:/st/stm32cubeide_1.6.1/stm32cubeide/plugins/com.st.stm32cube.ide.mcu.externaltools.gnu-tools-for-stm32.9-2020-q2-update.win32_1.5.0.202011040924/tools/bin/../lib/gcc/arm-none-eabi/9.3.1/../../../../arm-none-eabi/lib/thumb/v7e-m+fp/hard\libc_nano.a(lib_a-memset.o)
                0x0000000008000f84                memset
 *(.glue_7)
 .glue_7        0x0000000008000f94        0x0 linker stubs
 *(.glue_7t)
 .glue_7t       0x0000000008000f94        0x0 linker stubs
 *(.eh_frame)
 .eh_frame      0x0000000008000f94        0x0 c:/st/stm32cubeide_1.6.1/stm32cubeide/plugins/com.st.stm32cube.ide.mcu.externaltools.gnu-tools-for-stm32.9-2020-q2-update.win32_1.5.0.202011040924/tools/bin/../lib/gcc/arm-none-eabi/9.3.1/thumb/v7e-m+fp/hard/crtbegin.o
 *(.init)
 .init          0x0000000008000f94        0x4 c:/st/stm32cubeide_1.6.1/stm32cubeide/plugins/com.st.stm32cube.ide.mcu.externaltools.gnu-tools-for-stm32.9-2020-q2-update.win32_1.5.0.202011040924/tools/bin/../lib/gcc/arm-none-eabi/9.3.1/thumb/v7e-m+fp/hard/crti.o
                0x0000000008000f94                _init
 .init          0x0000000008000f98        0x8 c:/st/stm32cubeide_1.6.1/stm32cubeide/plugins/com.st.stm32cube.ide.mcu.externaltools.gnu-tools-for-stm32.9-2020-q2-update.win32_1.5.0.202011040924/tools/bin/../lib/gcc/arm-none-eabi/9.3.1/thumb/v7e-m+fp/hard/crtn.o
 *(.fini)
 .fini          0x0000000008000fa0        0x4 c:/st/stm32cubeide_1.6.1/stm32cubeide/plugins/com.st.stm32cube.ide.mcu.externaltools.gnu-tools-for-stm32.9-2020-q2-update.win32_1.5.0.202011040924/tools/bin/../lib/gcc/arm-none-eabi/9.3.1/thumb/v7e-m+fp/hard/crti.o
                0x0000000008000fa0                _fini
 .fini          0x0000000008000fa4        0x8 c:/st/stm32cubeide_1.6.1/stm32cubeide/plugins/com.st.stm32cube.ide.mcu.externaltools.gnu-tools-for-stm32.9-2020-q2-update.win32_1.5.0.202011040924/tools/bin/../lib/gcc/arm-none-eabi/9.3.1/thumb/v7e-m+fp/hard/crtn.o
                0x0000000008000fac                . = ALIGN (0x4)
                0x0000000008000fac                _etext = .

.vfp11_veneer   0x0000000008000fac        0x0
 .vfp11_veneer  0x0000000008000fac        0x0 linker stubs

.v4_bx          0x0000000008000fac        0x0
 .v4_bx         0x0000000008000fac        0x0 linker stubs

.iplt           0x0000000008000fac        0x0
 .iplt          0x0000000008000fac        0x0 c:/st/stm32cubeide_1.6.1/stm32cubeide/plugins/com.st.stm32cube.ide.mcu.externaltools.gnu-tools-for-stm32.9-2020-q2-update.win32_1.5.0.202011040924/tools/bin/../lib/gcc/arm-none-eabi/9.3.1/thumb/v7e-m+fp/hard/crtbegin.o

.rel.dyn        0x0000000008000fac        0x0
 .rel.iplt      0x0000000008000fac        0x0 c:/st/stm32cubeide_1.6.1/stm32cubeide/plugins/com.st.stm32cube.ide.mcu.externaltools.gnu-tools-for-stm32.9-2020-q2-update.win32_1.5.0.202011040924/tools/bin/../lib/gcc/arm-none-eabi/9.3.1/thumb/v7e-m+fp/hard/crtbegin.o

.rodata         0x0000000008000fac        0x0
                0x0000000008000fac                . = ALIGN (0x4)
 *(.rodata)
 *(.rodata*)
                0x0000000008000fac                . = ALIGN (0x4)

.ARM.extab      0x0000000008000fac        0x0
                0x0000000008000fac                . = ALIGN (0x4)
 *(.ARM.extab* .gnu.linkonce.armextab.*)
                0x0000000008000fac                . = ALIGN (0x4)

.ARM            0x0000000008000fac        0x0
                0x0000000008000fac                . = ALIGN (0x4)
                0x0000000008000fac                __exidx_start = .
 *(.ARM.exidx*)
                0x0000000008000fac                __exidx_end = .
                0x0000000008000fac                . = ALIGN (0x4)

.preinit_array  0x0000000008000fac        0x0
                0x0000000008000fac                . = ALIGN (0x4)
                0x0000000008000fac                PROVIDE (__preinit_array_start = .)
 *(.preinit_array*)
                0x0000000008000fac                PROVIDE (__preinit_array_end = .)
                0x0000000008000fac                . = ALIGN (0x4)

.init_array     0x0000000008000fac        0x4
                0x0000000008000fac                . = ALIGN (0x4)
                0x0000000008000fac                PROVIDE (__init_array_start = .)
 *(SORT_BY_NAME(.init_array.*))
 *(.init_array*)
 .init_array    0x0000000008000fac        0x4 c:/st/stm32cubeide_1.6.1/stm32cubeide/plugins/com.st.stm32cube.ide.mcu.externaltools.gnu-tools-for-stm32.9-2020-q2-update.win32_1.5.0.202011040924/tools/bin/../lib/gcc/arm-none-eabi/9.3.1/thumb/v7e-m+fp/hard/crtbegin.o
                0x0000000008000fb0                PROVIDE (__init_array_end = .)
                0x0000000008000fb0                . = ALIGN (0x4)

.fini_array     0x0000000008000fb0        0x4
                0x0000000008000fb0                . = ALIGN (0x4)
                [!provide]                        PROVIDE (__fini_array_start = .)
 *(SORT_BY_NAME(.fini_array.*))
 *(.fini_array*)
 .fini_array    0x0000000008000fb0        0x4 c:/st/stm32cubeide_1.6.1/stm32cubeide/plugins/com.st.stm32cube.ide.mcu.externaltools.gnu-tools-for-stm32.9-2020-q2-update.win32_1.5.0.202011040924/tools/bin/../lib/gcc/arm-none-eabi/9.3.1/thumb/v7e-m+fp/hard/crtbegin.o
                [!provide]                        PROVIDE (__fini_array_end = .)
                0x0000000008000fb4                . = ALIGN (0x4)
                0x0000000008000fb4                _sidata = LOADADDR (.data)

.data           0x0000000020000000       0x24 load address 0x0000000008000fb4
                0x0000000020000000                . = ALIGN (0x4)
                0x0000000020000000                _sdata = .
 *(.data)
 *(.data*)
 .data.data     0x0000000020000000       0x11 Src/Usart_Tx_test.o
                0x0000000020000000                data
 *fill*         0x0000000020000011        0x3 
 .data.Prescalers
                0x0000000020000014       0x10 drivers/Src/stm32f407xx_rcc_driver.o
 *(.RamFunc)
 *(.RamFunc*)
                0x0000000020000024                . = ALIGN (0x4)
                0x0000000020000024                _edata = .

.igot.plt       0x0000000020000024        0x0 load address 0x0000000008000fd8
 .igot.plt      0x0000000020000024        0x0 c:/st/stm32cubeide_1.6.1/stm32cubeide/plugins/com.st.stm32cube.ide.mcu.externaltools.gnu-tools-for-stm32.9-2020-q2-update.win32_1.5.0.202011040924/tools/bin/../lib/gcc/arm-none-eabi/9.3.1/thumb/v7e-m+fp/hard/crtbegin.o
                0x0000000020000024                . = ALIGN (0x4)

.bss            0x0000000020000024       0x1c load address 0x0000000008000fd8
                0x0000000020000024                _sbss = .
                0x0000000020000024                __bss_start__ = _sbss
 *(.bss)
 .bss           0x0000000020000024       0x1c c:/st/stm32cubeide_1.6.1/stm32cubeide/plugins/com.st.stm32cube.ide.mcu.externaltools.gnu-tools-for-stm32.9-2020-q2-update.win32_1.5.0.202011040924/tools/bin/../lib/gcc/arm-none-eabi/9.3.1/thumb/v7e-m+fp/hard/crtbegin.o
 *(.bss*)
 *(COMMON)
                0x0000000020000040                . = ALIGN (0x4)
                0x0000000020000040                _ebss = .
                0x0000000020000040                __bss_end__ = _ebss

._user_heap_stack
                0x0000000020000040      0x600 load address 0x0000000008000fd8
                0x0000000020000040                . = ALIGN (0x8)
                [!provide]                        PROVIDE (end = .)
                0x0000000020000040                PROVIDE (_end = .)
                0x0000000020000240                . = (. + _Min_Heap_Size)
 *fill*         0x0000000020000040      0x200 
                0x0000000020000640                . = (. + _Min_Stack_Size)
 *fill*         0x0000000020000240      0x400 
                0x0000000020000640                . = ALIGN (0x8)

/DISCARD/
 libc.a(*)
 libm.a(*)
 libgcc.a(*)

.ARM.attributes
                0x0000000000000000       0x30
 *(.ARM.attributes)
 .ARM.attributes
                0x0000000000000000       0x1e c:/st/stm32cubeide_1.6.1/stm32cubeide/plugins/com.st.stm32cube.ide.mcu.externaltools.gnu-tools-for-stm32.9-2020-q2-update.win32_1.5.0.202011040924/tools/bin/../lib/gcc/arm-none-eabi/9.3.1/thumb/v7e-m+fp/hard/crti.o
 .ARM.attributes
                0x000000000000001e       0x34 c:/st/stm32cubeide_1.6.1/stm32cubeide/plugins/com.st.stm32cube.ide.mcu.externaltools.gnu-tools-for-stm32.9-2020-q2-update.win32_1.5.0.202011040924/tools/bin/../lib/gcc/arm-none-eabi/9.3.1/thumb/v7e-m+fp/hard/crtbegin.o
 .ARM.attributes
                0x0000000000000052       0x34 Src/Usart_Tx_test.o
 .ARM.attributes
                0x0000000000000086       0x21 Startup/startup_stm32f407vgtx.o
 .ARM.attributes
                0x00000000000000a7       0x34 drivers/Src/stm32f407xx_gpio_driver.o
 .ARM.attributes
                0x00000000000000db       0x34 drivers/Src/stm32f407xx_rcc_driver.o
 .ARM.attributes
                0x000000000000010f       0x34 drivers/Src/stm32f407xx_usart_driver.o
 .ARM.attributes
                0x0000000000000143       0x34 c:/st/stm32cubeide_1.6.1/stm32cubeide/plugins/com.st.stm32cube.ide.mcu.externaltools.gnu-tools-for-stm32.9-2020-q2-update.win32_1.5.0.202011040924/tools/bin/../lib/gcc/arm-none-eabi/9.3.1/../../../../arm-none-eabi/lib/thumb/v7e-m+fp/hard\libc_nano.a(lib_a-init.o)
 .ARM.attributes
                0x0000000000000177       0x34 c:/st/stm32cubeide_1.6.1/stm32cubeide/plugins/com.st.stm32cube.ide.mcu.externaltools.gnu-tools-for-stm32.9-2020-q2-update.win32_1.5.0.202011040924/tools/bin/../lib/gcc/arm-none-eabi/9.3.1/../../../../arm-none-eabi/lib/thumb/v7e-m+fp/hard\libc_nano.a(lib_a-memset.o)
 .ARM.attributes
                0x00000000000001ab       0x1e c:/st/stm32cubeide_1.6.1/stm32cubeide/plugins/com.st.stm32cube.ide.mcu.externaltools.gnu-tools-for-stm32.9-2020-q2-update.win32_1.5.0.202011040924/tools/bin/../lib/gcc/arm-none-eabi/9.3.1/thumb/v7e-m+fp/hard/crtn.o
OUTPUT(stm32f4xx_drivers.elf elf32-littlearm)
LOAD linker stubs
LOAD c:/st/stm32cubeide_1.6.1/stm32cubeide/plugins/com.st.stm32cube.ide.mcu.externaltools.gnu-tools-for-stm32.9-2020-q2-update.win32_1.5.0.202011040924/tools/bin/../lib/gcc/arm-none-eabi/9.3.1/../../../../arm-none-eabi/lib/thumb/v7e-m+fp/hard\libc.a
LOAD c:/st/stm32cubeide_1.6.1/stm32cubeide/plugins/com.st.stm32cube.ide.mcu.externaltools.gnu-tools-for-stm32.9-2020-q2-update.win32_1.5.0.202011040924/tools/bin/../lib/gcc/arm-none-eabi/9.3.1/../../../../arm-none-eabi/lib/thumb/v7e-m+fp/hard\libm.a
LOAD c:/st/stm32cubeide_1.6.1/stm32cubeide/plugins/com.st.stm32cube.ide.mcu.externaltools.gnu-tools-for-stm32.9-2020-q2-update.win32_1.5.0.202011040924/tools/bin/../lib/gcc/arm-none-eabi/9.3.1/thumb/v7e-m+fp/hard\libgcc.a

.debug_info     0x0000000000000000     0x3a5c
 .debug_info    0x0000000000000000      0xd06 Src/Usart_Tx_test.o
 .debug_info    0x0000000000000d06       0x22 Startup/startup_stm32f407vgtx.o
 .debug_info    0x0000000000000d28     0x1027 drivers/Src/stm32f407xx_gpio_driver.o
 .debug_info    0x0000000000001d4f      0xc66 drivers/Src/stm32f407xx_rcc_driver.o
 .debug_info    0x00000000000029b5     0x10a7 drivers/Src/stm32f407xx_usart_driver.o

.debug_abbrev   0x0000000000000000      0x8c7
 .debug_abbrev  0x0000000000000000      0x247 Src/Usart_Tx_test.o
 .debug_abbrev  0x0000000000000247       0x12 Startup/startup_stm32f407vgtx.o
 .debug_abbrev  0x0000000000000259      0x252 drivers/Src/stm32f407xx_gpio_driver.o
 .debug_abbrev  0x00000000000004ab      0x1b3 drivers/Src/stm32f407xx_rcc_driver.o
 .debug_abbrev  0x000000000000065e      0x269 drivers/Src/stm32f407xx_usart_driver.o

.debug_aranges  0x0000000000000000      0x190
 .debug_aranges
                0x0000000000000000       0x40 Src/Usart_Tx_test.o
 .debug_aranges
                0x0000000000000040       0x28 Startup/startup_stm32f407vgtx.o
 .debug_aranges
                0x0000000000000068       0x70 drivers/Src/stm32f407xx_gpio_driver.o
 .debug_aranges
                0x00000000000000d8       0x30 drivers/Src/stm32f407xx_rcc_driver.o
 .debug_aranges
                0x0000000000000108       0x88 drivers/Src/stm32f407xx_usart_driver.o

.debug_ranges   0x0000000000000000      0x148
 .debug_ranges  0x0000000000000000       0x30 Src/Usart_Tx_test.o
 .debug_ranges  0x0000000000000030       0x20 Startup/startup_stm32f407vgtx.o
 .debug_ranges  0x0000000000000050       0x60 drivers/Src/stm32f407xx_gpio_driver.o
 .debug_ranges  0x00000000000000b0       0x20 drivers/Src/stm32f407xx_rcc_driver.o
 .debug_ranges  0x00000000000000d0       0x78 drivers/Src/stm32f407xx_usart_driver.o

.debug_macro    0x0000000000000000     0x3064
 .debug_macro   0x0000000000000000      0x245 Src/Usart_Tx_test.o
 .debug_macro   0x0000000000000245      0xab4 Src/Usart_Tx_test.o
 .debug_macro   0x0000000000000cf9       0x22 Src/Usart_Tx_test.o
 .debug_macro   0x0000000000000d1b       0x8e Src/Usart_Tx_test.o
 .debug_macro   0x0000000000000da9       0x51 Src/Usart_Tx_test.o
 .debug_macro   0x0000000000000dfa      0x103 Src/Usart_Tx_test.o
 .debug_macro   0x0000000000000efd       0x6a Src/Usart_Tx_test.o
 .debug_macro   0x0000000000000f67      0x1df Src/Usart_Tx_test.o
 .debug_macro   0x0000000000001146      0x174 Src/Usart_Tx_test.o
 .debug_macro   0x00000000000012ba       0x22 Src/Usart_Tx_test.o
 .debug_macro   0x00000000000012dc       0x52 Src/Usart_Tx_test.o
 .debug_macro   0x000000000000132e       0x18 Src/Usart_Tx_test.o
 .debug_macro   0x0000000000001346       0x3c Src/Usart_Tx_test.o
 .debug_macro   0x0000000000001382       0x34 Src/Usart_Tx_test.o
 .debug_macro   0x00000000000013b6       0x16 Src/Usart_Tx_test.o
 .debug_macro   0x00000000000013cc       0x35 Src/Usart_Tx_test.o
 .debug_macro   0x0000000000001401      0x339 Src/Usart_Tx_test.o
 .debug_macro   0x000000000000173a       0x10 Src/Usart_Tx_test.o
 .debug_macro   0x000000000000174a       0x16 Src/Usart_Tx_test.o
 .debug_macro   0x0000000000001760       0x43 Src/Usart_Tx_test.o
 .debug_macro   0x00000000000017a3       0x34 Src/Usart_Tx_test.o
 .debug_macro   0x00000000000017d7       0x10 Src/Usart_Tx_test.o
 .debug_macro   0x00000000000017e7       0x58 Src/Usart_Tx_test.o
 .debug_macro   0x000000000000183f       0x71 Src/Usart_Tx_test.o
 .debug_macro   0x00000000000018b0       0x1c Src/Usart_Tx_test.o
 .debug_macro   0x00000000000018cc      0x12a Src/Usart_Tx_test.o
 .debug_macro   0x00000000000019f6       0x10 Src/Usart_Tx_test.o
 .debug_macro   0x0000000000001a06       0x1c Src/Usart_Tx_test.o
 .debug_macro   0x0000000000001a22       0x52 Src/Usart_Tx_test.o
 .debug_macro   0x0000000000001a74       0x22 Src/Usart_Tx_test.o
 .debug_macro   0x0000000000001a96       0x10 Src/Usart_Tx_test.o
 .debug_macro   0x0000000000001aa6       0x40 Src/Usart_Tx_test.o
 .debug_macro   0x0000000000001ae6       0xd5 Src/Usart_Tx_test.o
 .debug_macro   0x0000000000001bbb       0x1c Src/Usart_Tx_test.o
 .debug_macro   0x0000000000001bd7       0x3d Src/Usart_Tx_test.o
 .debug_macro   0x0000000000001c14       0x16 Src/Usart_Tx_test.o
 .debug_macro   0x0000000000001c2a      0x145 Src/Usart_Tx_test.o
 .debug_macro   0x0000000000001d6f       0x16 Src/Usart_Tx_test.o
 .debug_macro   0x0000000000001d85       0x20 Src/Usart_Tx_test.o
 .debug_macro   0x0000000000001da5      0x7c4 Src/Usart_Tx_test.o
 .debug_macro   0x0000000000002569       0xc4 Src/Usart_Tx_test.o
 .debug_macro   0x000000000000262d       0xb8 Src/Usart_Tx_test.o
 .debug_macro   0x00000000000026e5       0xb8 Src/Usart_Tx_test.o
 .debug_macro   0x000000000000279d      0x124 Src/Usart_Tx_test.o
 .debug_macro   0x00000000000028c1      0x24f drivers/Src/stm32f407xx_gpio_driver.o
 .debug_macro   0x0000000000002b10       0xb2 drivers/Src/stm32f407xx_gpio_driver.o
 .debug_macro   0x0000000000002bc2      0x24f drivers/Src/stm32f407xx_rcc_driver.o
 .debug_macro   0x0000000000002e11      0x253 drivers/Src/stm32f407xx_usart_driver.o

.debug_line     0x0000000000000000     0x26f6
 .debug_line    0x0000000000000000      0x743 Src/Usart_Tx_test.o
 .debug_line    0x0000000000000743       0x84 Startup/startup_stm32f407vgtx.o
 .debug_line    0x00000000000007c7      0xba3 drivers/Src/stm32f407xx_gpio_driver.o
 .debug_line    0x000000000000136a      0x7cb drivers/Src/stm32f407xx_rcc_driver.o
 .debug_line    0x0000000000001b35      0xbc1 drivers/Src/stm32f407xx_usart_driver.o

.debug_str      0x0000000000000000     0xb748
 .debug_str     0x0000000000000000     0xb219 Src/Usart_Tx_test.o
                                       0xb493 (size before relaxing)
 .debug_str     0x000000000000b219       0x31 Startup/startup_stm32f407vgtx.o
                                         0x54 (size before relaxing)
 .debug_str     0x000000000000b24a      0x2ac drivers/Src/stm32f407xx_gpio_driver.o
                                       0xb60c (size before relaxing)
 .debug_str     0x000000000000b4f6       0xba drivers/Src/stm32f407xx_rcc_driver.o
                                       0xb441 (size before relaxing)
 .debug_str     0x000000000000b5b0      0x198 drivers/Src/stm32f407xx_usart_driver.o
                                       0xb674 (size before relaxing)

.comment        0x0000000000000000       0x53
 .comment       0x0000000000000000       0x53 Src/Usart_Tx_test.o
                                         0x54 (size before relaxing)
 .comment       0x0000000000000053       0x54 drivers/Src/stm32f407xx_gpio_driver.o
 .comment       0x0000000000000053       0x54 drivers/Src/stm32f407xx_rcc_driver.o
 .comment       0x0000000000000053       0x54 drivers/Src/stm32f407xx_usart_driver.o

.debug_frame    0x0000000000000000      0x57c
 .debug_frame   0x0000000000000000       0xc4 Src/Usart_Tx_test.o
 .debug_frame   0x00000000000000c4      0x1c8 drivers/Src/stm32f407xx_gpio_driver.o
 .debug_frame   0x000000000000028c       0x80 drivers/Src/stm32f407xx_rcc_driver.o
 .debug_frame   0x000000000000030c      0x224 drivers/Src/stm32f407xx_usart_driver.o
 .debug_frame   0x0000000000000530       0x2c c:/st/stm32cubeide_1.6.1/stm32cubeide/plugins/com.st.stm32cube.ide.mcu.externaltools.gnu-tools-for-stm32.9-2020-q2-update.win32_1.5.0.202011040924/tools/bin/../lib/gcc/arm-none-eabi/9.3.1/../../../../arm-none-eabi/lib/thumb/v7e-m+fp/hard\libc_nano.a(lib_a-init.o)
 .debug_frame   0x000000000000055c       0x20 c:/st/stm32cubeide_1.6.1/stm32cubeide/plugins/com.st.stm32cube.ide.mcu.externaltools.gnu-tools-for-stm32.9-2020-q2-update.win32_1.5.0.202011040924/tools/bin/../lib/gcc/arm-none-eabi/9.3.1/../../../../arm-none-eabi/lib/thumb/v7e-m+fp/hard\libc_nano.a(lib_a-memset.o)
