stm32f407xx_i2c_driver.c:25:17:get_apb1_pclk	24	static
stm32f407xx_i2c_driver.c:70:17:get_pll_clk	24	static
stm32f407xx_i2c_driver.c:98:13:i2c_generate_start	16	static
stm32f407xx_i2c_driver.c:103:13:i2c_generate_stop	16	static
stm32f407xx_i2c_driver.c:108:16:i2c_formAddr_withWrite	16	static
stm32f407xx_i2c_driver.c:115:16:i2c_formAddr_withRead	16	static
stm32f407xx_i2c_driver.c:122:13:i2c_clear_addr_flag	24	static
stm32f407xx_i2c_driver.c:130:13:i2c_close_sendData	16	static
stm32f407xx_i2c_driver.c:145:13:i2c_close_receiveData	16	static
stm32f407xx_i2c_driver.c:157:13:i2c_master_txeinterrupt_handle	16	static
stm32f407xx_i2c_driver.c:170:13:i2c_master_rxeinterrupt_handle	16	static
stm32f407xx_i2c_driver.c:208:6:I2C_PclkControl	16	static
stm32f407xx_i2c_driver.c:258:6:I2C_Init	24	static
stm32f407xx_i2c_driver.c:340:9:I2C_GetFlagStatus	16	static
stm32f407xx_i2c_driver.c:368:6:I2C_MasterSendData	32	static
stm32f407xx_i2c_driver.c:426:9:I2C_MasterSendDataIT	32	static
stm32f407xx_i2c_driver.c:474:6:I2C_MasterReceiveData	32	static
stm32f407xx_i2c_driver.c:567:9:I2C_MasterReceiveDataIT	32	static
stm32f407xx_i2c_driver.c:612:6:I2C_SlaveSendData	16	static
stm32f407xx_i2c_driver.c:634:9:I2C_SlaveReceiveData	16	static
stm32f407xx_i2c_driver.c:656:6:I2C_PeripheralControl	16	static
stm32f407xx_i2c_driver.c:678:6:I2C_IRQConfig	24	static
stm32f407xx_i2c_driver.c:714:6:I2C_IRQPriorityConfig	24	static
stm32f407xx_i2c_driver.c:743:6:I2C_EVT_Handling	24	static
stm32f407xx_i2c_driver.c:857:13:I2C_ApplicationEventCallback	16	static
